{
  "numrows": 5,
  "colnames": ["CaseID", "Degree", "GradYear", "Income", "Quart", "Inc_Year"],
  "data": [
    ["123000", "2", "2010", "23000.00", "1", "2011"]
    ,["124000", "2", "2010", "19000.00", "2", "2012"]
    ,["125000", "4", "2010", null, null, null]
    ,["123456", "1", "2010", null, null, null]
    ,["123457", null, null, "40000.00", "1", "2013"]
  ]
}