{
  "data": [
    [
      "1",
      "77397.07513593014",
      "518908.0",
      "341647.18693467334",
      "192980.0"
    ],
    [
      "2",
      "78818.84470367615",
      "518050.0",
      "339612.8358208955",
      "192150.0"
    ],
    [
      "3",
      "77691.33359105713",
      "519207.0",
      "343090.915",
      "193610.0"
    ],
    [
      null,
      "null",
      "null",
      "null",
      "null"
    ]
  ],
  "numrows": 4,
  "colnames": [
    "StudentDB.Sex",
    "STDEV(Ann_Income)",
    "MAX(Ann_Income)",
    "AVG(Ann_Income)",
    "MIN(Ann_Income)"
  ]
}