{
  "numrows": 9, 
  "colnames": ["CaseID", "Ann_Income", "Degree", "School"], 
  "data": [
    ["117", "39955.00", "3", "3"]
    , ["290", null, "2", "2"]
    , ["473", "41918.66", null, null]
    , ["626", null, "1", "2"]
    , ["635", "21493.33", "1", "1"]
    , ["1570", null, "1", "1"]
    , ["2352", "56341.00", null, null]
    , ["2501", null, null, null]
    , ["2856", null, "5", "3"]
  ]
}

